// Jest Snapshot v1, https://goo.gl/fbAQLP

exports[`returns expected commitlint configuration 1`] = `Object {}`;
