// Jest Snapshot v1, https://goo.gl/fbAQLP

exports[`should have a pre-commit file 1`] = `
"
#### DudeJS - START ####
npx dudejs staged
#### DudeJS - END ####
"
`;

exports[`should process staged files on pre-commit: formatted js file 1`] = `
"const hello = 'Hello'
"
`;

exports[`should process staged files on pre-commit: pre-commit error output 1`] = `
"
/tmp/dudejs-client/src/on-stage.js
  1:7  error  'hello' is assigned a value but never used  no-unused-vars

✖ 1 problem (1 error, 0 warnings)

src/on-stage.js XXms
❌  Sorry dude, you have to fix your error(s) and commit again, be strong!
"
`;
